stmpe811.c:834:9:STMPE811_TS_GestureConfig	0	static
stmpe811.c:1022:9:STMPE811_GetCapabilities	0	static
stmpe811.c:1253:16:STMPE811_ReadRegWrap	4	static
stmpe811.c:1268:16:STMPE811_WriteRegWrap	4	static
stmpe811.c:441:9:STMPE811_IO_WritePin	16	static
stmpe811.c:701:9:STMPE811_IO_ClearIT	16	static
stmpe811.c:230:9:STMPE811_ReadID	24	static
stmpe811.c:264:9:STMPE811_IO_Start	24	static
stmpe811.c:475:9:STMPE811_IO_ReadPin	16	static
stmpe811.c:1117:16:STMPE811_EnableITSource	24	static
stmpe811.c:1050:16:STMPE811_EnableGlobalIT	16	static
stmpe811.c:560:9:STMPE811_IO_EnableIT	8	static
stmpe811.c:938:9:STMPE811_TS_EnableIT	8	static
stmpe811.c:1079:16:STMPE811_DisableGlobalIT	16	static
stmpe811.c:1155:16:STMPE811_DisableITSource	24	static
stmpe811.c:586:9:STMPE811_IO_DisableIT	8	static
stmpe811.c:964:9:STMPE811_TS_DisableIT	8	static
stmpe811.c:680:9:STMPE811_IO_ITStatus	16	static
stmpe811.c:990:9:STMPE811_TS_ITStatus	16	static
stmpe811.c:1236:13:STMPE811_Delay.isra.0	16	static
stmpe811.c:195:9:STMPE811_Reset	32	static
stmpe811.c:169:9:STMPE811_DeInit	16	static
stmpe811.c:848:9:STMPE811_TS_GetState	32	static
stmpe811.c:911:9:STMPE811_TS_GetMultiTouchState	0	static
stmpe811.c:925:9:STMPE811_TS_GetGesture	0	static
stmpe811.c:1010:9:STMPE811_TS_ClearIT	16	static
stmpe811.c:102:9:STMPE811_RegisterBusIO	0	static
stmpe811.c:141:9:STMPE811_Init	8	static
stmpe811.c:400:9:STMPE811_IO_InitPin	24	static
stmpe811.c:497:9:STMPE811_IO_EnableAF	24	static
stmpe811.c:740:9:STMPE811_TS_Init	32	static
stmpe811.c:530:9:STMPE811_IO_DisableAF	24	static
stmpe811.c:615:9:STMPE811_IO_EnablePinIT	24	static
stmpe811.c:648:9:STMPE811_IO_DisablePinIT	24	static
stmpe811.c:321:9:STMPE811_IO_Init	24	static
