ethernetif.c:130:13:low_level_init	168	static
ethernetif.c:251:14:low_level_output	80	static
ethernetif.c:297:22:low_level_input	104	static,ignoring_inline_asm
ethernetif.c:343:6:ethernetif_input	24	static
ethernetif.c:380:7:ethernetif_init	16	static
ethernetif.c:417:6:pbuf_free_custom	24	static
ethernetif.c:429:7:sys_now	8	static
ethernetif.c:442:6:HAL_ETH_MspInit	64	static
ethernetif.c:503:6:HAL_ETH_RxCpltCallback	16	static
ethernetif.c:516:9:ETH_PHY_IO_Init	8	static
ethernetif.c:533:9:ETH_PHY_IO_DeInit	4	static
ethernetif.c:545:9:ETH_PHY_IO_ReadReg	24	static
ethernetif.c:562:9:ETH_PHY_IO_WriteReg	24	static
ethernetif.c:576:9:ETH_PHY_IO_GetTick	8	static
ethernetif.c:586:6:ethernet_link_thread	136	static
